Release 13.3 - xst O.76xd (lin)
Copyright (c) 1995-2011 Xilinx, Inc.  All rights reserved.
--> 
Parameter TMPDIR set to xst/projnav.tmp


Total REAL time to Xst completion: 4.00 secs
Total CPU time to Xst completion: 0.15 secs
 
--> 
Parameter xsthdpdir set to xst


Total REAL time to Xst completion: 4.00 secs
Total CPU time to Xst completion: 0.15 secs
 
--> 
Reading design: topmodule.prj

TABLE OF CONTENTS
  1) Synthesis Options Summary
  2) HDL Parsing
  3) HDL Elaboration
  4) HDL Synthesis
       4.1) HDL Synthesis Report
  5) Advanced HDL Synthesis
       5.1) Advanced HDL Synthesis Report
  6) Low Level Synthesis
  7) Partition Report
  8) Design Summary
       8.1) Primitive and Black Box Usage
       8.2) Device utilization summary
       8.3) Partition Resource Summary
       8.4) Timing Report
            8.4.1) Clock Information
            8.4.2) Asynchronous Control Signals Information
            8.4.3) Timing Summary
            8.4.4) Timing Details
            8.4.5) Cross Clock Domains Report


=========================================================================
*                      Synthesis Options Summary                        *
=========================================================================
---- Source Parameters
Input File Name                    : "topmodule.prj"
Ignore Synthesis Constraint File   : NO

---- Target Parameters
Output File Name                   : "topmodule"
Output Format                      : NGC
Target Device                      : xc6slx16-3-csg324

---- Source Options
Top Module Name                    : topmodule
Automatic FSM Extraction           : YES
FSM Encoding Algorithm             : Auto
Safe Implementation                : No
FSM Style                          : LUT
RAM Extraction                     : Yes
RAM Style                          : Auto
ROM Extraction                     : Yes
Shift Register Extraction          : YES
ROM Style                          : Auto
Resource Sharing                   : YES
Asynchronous To Synchronous        : NO
Shift Register Minimum Size        : 2
Use DSP Block                      : Auto
Automatic Register Balancing       : No

---- Target Options
LUT Combining                      : Auto
Reduce Control Sets                : Auto
Add IO Buffers                     : YES
Global Maximum Fanout              : 100000
Add Generic Clock Buffer(BUFG)     : 16
Register Duplication               : YES
Optimize Instantiated Primitives   : NO
Use Clock Enable                   : Auto
Use Synchronous Set                : Auto
Use Synchronous Reset              : Auto
Pack IO Registers into IOBs        : Auto
Equivalent register Removal        : YES

---- General Options
Optimization Goal                  : Speed
Optimization Effort                : 1
Power Reduction                    : NO
Keep Hierarchy                     : No
Netlist Hierarchy                  : As_Optimized
RTL Output                         : Yes
Global Optimization                : AllClockNets
Read Cores                         : YES
Write Timing Constraints           : NO
Cross Clock Analysis               : NO
Hierarchy Separator                : /
Bus Delimiter                      : <>
Case Specifier                     : Maintain
Slice Utilization Ratio            : 100
BRAM Utilization Ratio             : 100
DSP48 Utilization Ratio            : 100
Auto BRAM Packing                  : NO
Slice Utilization Ratio Delta      : 5

=========================================================================


=========================================================================
*                          HDL Parsing                                  *
=========================================================================
Analyzing Verilog file "/home/hpw/Documents/EC551/lab2/lifo6_9.v" into library work
Parsing module <lifo6_9>.
Analyzing Verilog file "/home/hpw/Documents/EC551/lab2/display.v" into library work
Parsing module <display>.
Analyzing Verilog file "/home/hpw/Documents/EC551/lab2/decoder.v" into library work
Parsing module <decoder>.
Analyzing Verilog file "/home/hpw/Documents/EC551/lab2/debouncer.v" into library work
Parsing module <debounce>.
Analyzing Verilog file "/home/hpw/Documents/EC551/lab2/clkdiv.v" into library work
Parsing module <clkdiv>.
Analyzing Verilog file "/home/hpw/Documents/EC551/lab2/ALU.v" into library work
Parsing module <ALU>.
Analyzing Verilog file "/home/hpw/Documents/EC551/lab2/topmodule.v" into library work
Parsing module <topmodule>.

=========================================================================
*                            HDL Elaboration                            *
=========================================================================

Elaborating module <topmodule>.

Elaborating module <debounce>.
WARNING:HDLCompiler:413 - "/home/hpw/Documents/EC551/lab2/debouncer.v" Line 33: Result of 27-bit expression is truncated to fit in 26-bit target.
WARNING:HDLCompiler:413 - "/home/hpw/Documents/EC551/lab2/debouncer.v" Line 45: Result of 27-bit expression is truncated to fit in 26-bit target.

Elaborating module <clkdiv>.
WARNING:HDLCompiler:413 - "/home/hpw/Documents/EC551/lab2/clkdiv.v" Line 31: Result of 32-bit expression is truncated to fit in 18-bit target.

Elaborating module <decoder>.

Elaborating module <ALU>.

Elaborating module <lifo6_9>.
WARNING:HDLCompiler:413 - "/home/hpw/Documents/EC551/lab2/lifo6_9.v" Line 41: Result of 32-bit expression is truncated to fit in 1-bit target.
WARNING:HDLCompiler:413 - "/home/hpw/Documents/EC551/lab2/lifo6_9.v" Line 42: Result of 32-bit expression is truncated to fit in 1-bit target.
WARNING:HDLCompiler:413 - "/home/hpw/Documents/EC551/lab2/lifo6_9.v" Line 70: Result of 32-bit expression is truncated to fit in 3-bit target.
WARNING:HDLCompiler:413 - "/home/hpw/Documents/EC551/lab2/lifo6_9.v" Line 78: Result of 4-bit expression is truncated to fit in 3-bit target.

Elaborating module <display>.
WARNING:HDLCompiler:413 - "/home/hpw/Documents/EC551/lab2/display.v" Line 54: Result of 3-bit expression is truncated to fit in 2-bit target.
WARNING:HDLCompiler:91 - "/home/hpw/Documents/EC551/lab2/display.v" Line 75: Signal <sign> missing in the sensitivity list is added for synthesis purposes. HDL and post-synthesis simulations may differ as a result.
WARNING:HDLCompiler:413 - "/home/hpw/Documents/EC551/lab2/display.v" Line 98: Result of 6-bit expression is truncated to fit in 4-bit target.

=========================================================================
*                           HDL Synthesis                               *
=========================================================================

Synthesizing Unit <topmodule>.
    Related source file is "/home/hpw/Documents/EC551/lab2/topmodule.v".
INFO:Xst:3210 - "/home/hpw/Documents/EC551/lab2/topmodule.v" line 100: Output port <full> of the instance <lifo> is unconnected or connected to loadless signal.
INFO:Xst:3210 - "/home/hpw/Documents/EC551/lab2/topmodule.v" line 100: Output port <empty> of the instance <lifo> is unconnected or connected to loadless signal.
    Found 3-bit register for signal <B>.
    Found 3-bit register for signal <opcodein>.
    Summary:
	inferred   6 D-type flip-flop(s).
Unit <topmodule> synthesized.

Synthesizing Unit <debounce>.
    Related source file is "/home/hpw/Documents/EC551/lab2/debouncer.v".
        NDELAY = 50000000
    Found 26-bit register for signal <countpushed>.
    Found 26-bit register for signal <countstill>.
    Found 1-bit register for signal <clean>.
    Found 1-bit register for signal <still>.
    Found 1-bit register for signal <pushed>.
    Found 26-bit adder for signal <countpushed[25]_GND_2_o_add_4_OUT> created at line 33.
    Found 26-bit adder for signal <countstill[25]_GND_2_o_add_9_OUT> created at line 45.
    Summary:
	inferred   2 Adder/Subtractor(s).
	inferred  55 D-type flip-flop(s).
	inferred   3 Multiplexer(s).
Unit <debounce> synthesized.

Synthesizing Unit <clkdiv>.
    Related source file is "/home/hpw/Documents/EC551/lab2/clkdiv.v".
    Found 1-bit register for signal <clk_300hz>.
    Found 18-bit register for signal <counter_300hz>.
    Found 19-bit adder for signal <n0017[18:0]> created at line 31.
    Summary:
	inferred   1 Adder/Subtractor(s).
	inferred  19 D-type flip-flop(s).
Unit <clkdiv> synthesized.

Synthesizing Unit <decoder>.
    Related source file is "/home/hpw/Documents/EC551/lab2/decoder.v".
    Found 8x3-bit Read Only RAM for signal <opcodeout>
    Summary:
	inferred   1 RAM(s).
Unit <decoder> synthesized.

Synthesizing Unit <ALU>.
    Related source file is "/home/hpw/Documents/EC551/lab2/ALU.v".
        ADD = 3'b001
        SUB = 3'b010
        MUL = 3'b011
        SHR = 3'b100
        SHL = 3'b101
        XNOR = 3'b110
        SGT = 3'b111
        NOTHING = 3'b000
    Found 6-bit register for signal <f>.
    Found 3-bit register for signal <opcodesel>.
    Found 4-bit subtractor for signal <GND_5_o_GND_5_o_sub_3_OUT> created at line 46.
    Found 4-bit adder for signal <n0036[3:0]> created at line 45.
    Found 3x3-bit multiplier for signal <a[2]_b[2]_MuLt_3_OUT> created at line 47.
    Found 6-bit shifter logical right for signal <GND_5_o_b[2]_shift_right_4_OUT> created at line 48
    Found 6-bit shifter logical left for signal <GND_5_o_b[2]_shift_left_5_OUT> created at line 49
    Found 6-bit 8-to-1 multiplexer for signal <opcodein[2]_GND_5_o_wide_mux_9_OUT> created at line 44.
    Found 3-bit comparator greater for signal <b[2]_a[2]_LessThan_8_o> created at line 51
    Summary:
	inferred   1 Multiplier(s).
	inferred   2 Adder/Subtractor(s).
	inferred   9 D-type flip-flop(s).
	inferred   1 Comparator(s).
	inferred   1 Multiplexer(s).
	inferred   2 Combinational logic shifter(s).
Unit <ALU> synthesized.

Synthesizing Unit <lifo6_9>.
    Related source file is "/home/hpw/Documents/EC551/lab2/lifo6_9.v".
    Found 18-bit register for signal <n0050[17:0]>.
    Found 3-bit register for signal <top>.
    Found 36-bit register for signal <n0049[35:0]>.
    Found 6-bit register for signal <result>.
    Found 3-bit register for signal <opcodeselout>.
    Found 3-bit adder for signal <top[2]_GND_7_o_add_14_OUT> created at line 78.
    Found 3-bit subtractor for signal <GND_7_o_GND_7_o_sub_10_OUT<2:0>> created at line 70.
    Found 6-bit 6-to-1 multiplexer for signal <top[2]_X_6_o_wide_mux_7_OUT> created at line 68.
    Found 3-bit 6-to-1 multiplexer for signal <top[2]_X_6_o_wide_mux_8_OUT> created at line 69.
    Summary:
	inferred   1 Adder/Subtractor(s).
	inferred  66 D-type flip-flop(s).
	inferred  16 Multiplexer(s).
Unit <lifo6_9> synthesized.

Synthesizing Unit <display>.
    Related source file is "/home/hpw/Documents/EC551/lab2/display.v".
WARNING:Xst:647 - Input <result<3:4>> is never used. This port will be preserved and left unconnected if it belongs to a top-level block or it belongs to a sub-block and the hierarchy of this sub-block is preserved.
    Found 2-bit register for signal <counter>.
    Found 4-bit register for signal <sign>.
    Found 4-bit register for signal <highdigit>.
    Found 4-bit register for signal <lowdigit>.
    Found 6-bit subtractor for signal <result[5]_unary_minus_19_OUT> created at line 97.
    Found 2-bit adder for signal <counter[1]_GND_8_o_add_2_OUT> created at line 54.
    Found 4x3-bit Read Only RAM for signal <tempctl>
    Found 1-bit 4-to-1 multiplexer for signal <currentdigit<3>> created at line 106.
    Found 1-bit 4-to-1 multiplexer for signal <currentdigit<2>> created at line 106.
    Found 1-bit 4-to-1 multiplexer for signal <currentdigit<1>> created at line 106.
    Found 1-bit 4-to-1 multiplexer for signal <currentdigit<0>> created at line 106.
    Summary:
	inferred   1 RAM(s).
	inferred   2 Adder/Subtractor(s).
	inferred  14 D-type flip-flop(s).
	inferred  19 Multiplexer(s).
Unit <display> synthesized.

Synthesizing Unit <div_6u_4u>.
    Related source file is "".
    Found 10-bit adder for signal <GND_10_o_b[3]_add_1_OUT> created at line 0.
    Found 9-bit adder for signal <GND_10_o_b[3]_add_3_OUT> created at line 0.
    Found 8-bit adder for signal <GND_10_o_b[3]_add_5_OUT> created at line 0.
    Found 7-bit adder for signal <GND_10_o_b[3]_add_7_OUT> created at line 0.
    Found 6-bit adder for signal <a[5]_b[3]_add_9_OUT[5:0]> created at line 0.
    Found 6-bit adder for signal <a[5]_GND_10_o_add_11_OUT[5:0]> created at line 0.
    Found 10-bit comparator lessequal for signal <BUS_0001> created at line 0
    Found 9-bit comparator lessequal for signal <BUS_0002> created at line 0
    Found 8-bit comparator lessequal for signal <BUS_0003> created at line 0
    Found 7-bit comparator lessequal for signal <BUS_0004> created at line 0
    Found 6-bit comparator lessequal for signal <BUS_0005> created at line 0
    Found 6-bit comparator lessequal for signal <BUS_0006> created at line 0
    Found 6-bit comparator lessequal for signal <BUS_0007> created at line 0
    Summary:
	inferred   6 Adder/Subtractor(s).
	inferred   7 Comparator(s).
	inferred  21 Multiplexer(s).
Unit <div_6u_4u> synthesized.

Synthesizing Unit <mod_6u_4u>.
    Related source file is "".
    Found 10-bit adder for signal <GND_11_o_b[3]_add_1_OUT> created at line 0.
    Found 9-bit adder for signal <GND_11_o_b[3]_add_3_OUT> created at line 0.
    Found 8-bit adder for signal <GND_11_o_b[3]_add_5_OUT> created at line 0.
    Found 7-bit adder for signal <GND_11_o_b[3]_add_7_OUT> created at line 0.
    Found 6-bit adder for signal <a[5]_b[3]_add_9_OUT> created at line 0.
    Found 6-bit adder for signal <a[5]_GND_11_o_add_11_OUT> created at line 0.
    Found 6-bit adder for signal <a[5]_GND_11_o_add_13_OUT> created at line 0.
    Found 10-bit comparator lessequal for signal <BUS_0001> created at line 0
    Found 9-bit comparator lessequal for signal <BUS_0002> created at line 0
    Found 8-bit comparator lessequal for signal <BUS_0003> created at line 0
    Found 7-bit comparator lessequal for signal <BUS_0004> created at line 0
    Found 6-bit comparator lessequal for signal <BUS_0005> created at line 0
    Found 6-bit comparator lessequal for signal <BUS_0006> created at line 0
    Found 6-bit comparator lessequal for signal <BUS_0007> created at line 0
    Summary:
	inferred   7 Adder/Subtractor(s).
	inferred   7 Comparator(s).
	inferred  37 Multiplexer(s).
Unit <mod_6u_4u> synthesized.

=========================================================================
HDL Synthesis Report

Macro Statistics
# RAMs                                                 : 2
 4x3-bit single-port Read Only RAM                     : 1
 8x3-bit single-port Read Only RAM                     : 1
# Multipliers                                          : 1
 3x3-bit multiplier                                    : 1
# Adders/Subtractors                                   : 23
 10-bit adder                                          : 2
 19-bit adder                                          : 1
 2-bit adder                                           : 1
 26-bit adder                                          : 4
 3-bit addsub                                          : 1
 4-bit adder                                           : 1
 4-bit subtractor                                      : 1
 6-bit adder                                           : 5
 6-bit subtractor                                      : 1
 7-bit adder                                           : 2
 8-bit adder                                           : 2
 9-bit adder                                           : 2
# Registers                                            : 25
 1-bit register                                        : 7
 18-bit register                                       : 2
 2-bit register                                        : 1
 26-bit register                                       : 4
 3-bit register                                        : 5
 36-bit register                                       : 1
 4-bit register                                        : 3
 6-bit register                                        : 2
# Comparators                                          : 15
 10-bit comparator lessequal                           : 2
 3-bit comparator greater                              : 1
 6-bit comparator lessequal                            : 6
 7-bit comparator lessequal                            : 2
 8-bit comparator lessequal                            : 2
 9-bit comparator lessequal                            : 2
# Multiplexers                                         : 100
 1-bit 2-to-1 multiplexer                              : 68
 1-bit 4-to-1 multiplexer                              : 4
 2-bit 2-to-1 multiplexer                              : 1
 26-bit 2-to-1 multiplexer                             : 4
 3-bit 2-to-1 multiplexer                              : 6
 3-bit 6-to-1 multiplexer                              : 1
 32-bit 2-to-1 multiplexer                             : 2
 4-bit 2-to-1 multiplexer                              : 2
 6-bit 2-to-1 multiplexer                              : 10
 6-bit 6-to-1 multiplexer                              : 1
 6-bit 8-to-1 multiplexer                              : 1
# Logic shifters                                       : 2
 6-bit shifter logical left                            : 1
 6-bit shifter logical right                           : 1
# Xors                                                 : 1
 6-bit xor2                                            : 1

=========================================================================

=========================================================================
*                       Advanced HDL Synthesis                          *
=========================================================================

INFO:Xst:2261 - The FF/Latch <sign_1> in Unit <LED> is equivalent to the following FF/Latch, which will be removed : <sign_3> 
WARNING:Xst:1710 - FF/Latch <sign_1> (without init value) has a constant value of 1 in block <LED>. This FF/Latch will be trimmed during the optimization process.
WARNING:Xst:1710 - FF/Latch <sign_2> (without init value) has a constant value of 0 in block <LED>. This FF/Latch will be trimmed during the optimization process.

Synthesizing (advanced) Unit <clkdiv>.
The following registers are absorbed into counter <counter_300hz>: 1 register on signal <counter_300hz>.
Unit <clkdiv> synthesized (advanced).

Synthesizing (advanced) Unit <debounce>.
The following registers are absorbed into counter <countpushed>: 1 register on signal <countpushed>.
The following registers are absorbed into counter <countstill>: 1 register on signal <countstill>.
Unit <debounce> synthesized (advanced).

Synthesizing (advanced) Unit <decoder>.
INFO:Xst:3218 - HDL ADVISOR - The RAM <Mram_opcodeout> will be implemented on LUTs either because you have described an asynchronous read or because of currently unsupported block RAM features. If you have described an asynchronous read, making it synchronous would allow you to take advantage of available block RAM resources, for optimized device usage and improved timings. Please refer to your documentation for coding guidelines.
    -----------------------------------------------------------------------
    | ram_type           | Distributed                         |          |
    -----------------------------------------------------------------------
    | Port A                                                              |
    |     aspect ratio   | 8-word x 3-bit                      |          |
    |     weA            | connected to signal <GND>           | high     |
    |     addrA          | connected to signal <opcodein>      |          |
    |     diA            | connected to signal <GND>           |          |
    |     doA            | connected to signal <opcodeout>     |          |
    -----------------------------------------------------------------------
Unit <decoder> synthesized (advanced).

Synthesizing (advanced) Unit <display>.
The following registers are absorbed into counter <counter>: 1 register on signal <counter>.
INFO:Xst:3218 - HDL ADVISOR - The RAM <Mram_tempctl> will be implemented on LUTs either because you have described an asynchronous read or because of currently unsupported block RAM features. If you have described an asynchronous read, making it synchronous would allow you to take advantage of available block RAM resources, for optimized device usage and improved timings. Please refer to your documentation for coding guidelines.
    -----------------------------------------------------------------------
    | ram_type           | Distributed                         |          |
    -----------------------------------------------------------------------
    | Port A                                                              |
    |     aspect ratio   | 4-word x 3-bit                      |          |
    |     weA            | connected to signal <GND>           | high     |
    |     addrA          | connected to signal <counter>       |          |
    |     diA            | connected to signal <GND>           |          |
    |     doA            | connected to signal <tempctl>       |          |
    -----------------------------------------------------------------------
Unit <display> synthesized (advanced).

Synthesizing (advanced) Unit <lifo6_9>.
The following registers are absorbed into counter <top>: 1 register on signal <top>.
Unit <lifo6_9> synthesized (advanced).

=========================================================================
Advanced HDL Synthesis Report

Macro Statistics
# RAMs                                                 : 2
 4x3-bit single-port distributed Read Only RAM         : 1
 8x3-bit single-port distributed Read Only RAM         : 1
# Multipliers                                          : 1
 3x3-bit multiplier                                    : 1
# Adders/Subtractors                                   : 16
 4-bit adder                                           : 2
 4-bit subtractor                                      : 1
 6-bit adder                                           : 12
 6-bit subtractor                                      : 1
# Counters                                             : 7
 18-bit up counter                                     : 1
 2-bit up counter                                      : 1
 26-bit up counter                                     : 4
 3-bit updown counter                                  : 1
# Registers                                            : 97
 Flip-Flops                                            : 97
# Comparators                                          : 15
 10-bit comparator lessequal                           : 2
 3-bit comparator greater                              : 1
 6-bit comparator lessequal                            : 6
 7-bit comparator lessequal                            : 2
 8-bit comparator lessequal                            : 2
 9-bit comparator lessequal                            : 2
# Multiplexers                                         : 144
 1-bit 2-to-1 multiplexer                              : 122
 1-bit 4-to-1 multiplexer                              : 4
 1-bit 6-to-1 multiplexer                              : 9
 32-bit 2-to-1 multiplexer                             : 2
 4-bit 2-to-1 multiplexer                              : 2
 6-bit 2-to-1 multiplexer                              : 4
 6-bit 8-to-1 multiplexer                              : 1
# Logic shifters                                       : 2
 6-bit shifter logical left                            : 1
 6-bit shifter logical right                           : 1
# Xors                                                 : 1
 6-bit xor2                                            : 1

=========================================================================

=========================================================================
*                         Low Level Synthesis                           *
=========================================================================
WARNING:Xst:1710 - FF/Latch <sign_1> (without init value) has a constant value of 1 in block <display>. This FF/Latch will be trimmed during the optimization process.
WARNING:Xst:1895 - Due to other FF/Latch trimming, FF/Latch <sign_2> (without init value) has a constant value of 0 in block <display>. This FF/Latch will be trimmed during the optimization process.
WARNING:Xst:1895 - Due to other FF/Latch trimming, FF/Latch <sign_3> (without init value) has a constant value of 1 in block <display>. This FF/Latch will be trimmed during the optimization process.

Optimizing unit <topmodule> ...

Optimizing unit <ALU> ...

Optimizing unit <debounce> ...

Optimizing unit <lifo6_9> ...

Optimizing unit <display> ...
WARNING:Xst:1710 - FF/Latch <highdigit_2> (without init value) has a constant value of 0 in block <display>. This FF/Latch will be trimmed during the optimization process.
WARNING:Xst:1710 - FF/Latch <highdigit_2> (without init value) has a constant value of 0 in block <display>. This FF/Latch will be trimmed during the optimization process.
WARNING:Xst:1710 - FF/Latch <lifo/Opmem_0_17> (without init value) has a constant value of 0 in block <topmodule>. This FF/Latch will be trimmed during the optimization process.
WARNING:Xst:1895 - Due to other FF/Latch trimming, FF/Latch <lifo/Opmem_0_16> (without init value) has a constant value of 0 in block <topmodule>. This FF/Latch will be trimmed during the optimization process.
WARNING:Xst:1895 - Due to other FF/Latch trimming, FF/Latch <lifo/Opmem_0_15> (without init value) has a constant value of 0 in block <topmodule>. This FF/Latch will be trimmed during the optimization process.
WARNING:Xst:1895 - Due to other FF/Latch trimming, FF/Latch <lifo/Fmem_0_35> (without init value) has a constant value of 0 in block <topmodule>. This FF/Latch will be trimmed during the optimization process.
WARNING:Xst:1895 - Due to other FF/Latch trimming, FF/Latch <lifo/Fmem_0_34> (without init value) has a constant value of 0 in block <topmodule>. This FF/Latch will be trimmed during the optimization process.
WARNING:Xst:1895 - Due to other FF/Latch trimming, FF/Latch <lifo/Fmem_0_33> (without init value) has a constant value of 0 in block <topmodule>. This FF/Latch will be trimmed during the optimization process.
WARNING:Xst:1895 - Due to other FF/Latch trimming, FF/Latch <lifo/Fmem_0_32> (without init value) has a constant value of 0 in block <topmodule>. This FF/Latch will be trimmed during the optimization process.
WARNING:Xst:1895 - Due to other FF/Latch trimming, FF/Latch <lifo/Fmem_0_31> (without init value) has a constant value of 0 in block <topmodule>. This FF/Latch will be trimmed during the optimization process.
WARNING:Xst:1895 - Due to other FF/Latch trimming, FF/Latch <lifo/Fmem_0_30> (without init value) has a constant value of 0 in block <topmodule>. This FF/Latch will be trimmed during the optimization process.

Mapping all equations...
Building and optimizing final netlist ...
Found area constraint ratio of 100 (+ 5) on block topmodule, actual ratio is 4.
FlipFlop lifo/top_0 has been replicated 1 time(s)
FlipFlop alu1/opcodesel_2 has been replicated 1 time(s) to handle iob=true attribute.
FlipFlop alu1/opcodesel_1 has been replicated 1 time(s) to handle iob=true attribute.
FlipFlop alu1/opcodesel_0 has been replicated 1 time(s) to handle iob=true attribute.
FlipFlop alu1/f_5 has been replicated 1 time(s) to handle iob=true attribute.
FlipFlop alu1/f_4 has been replicated 1 time(s) to handle iob=true attribute.
FlipFlop alu1/f_3 has been replicated 1 time(s) to handle iob=true attribute.
FlipFlop alu1/f_2 has been replicated 1 time(s) to handle iob=true attribute.
FlipFlop alu1/f_1 has been replicated 1 time(s) to handle iob=true attribute.
FlipFlop alu1/f_0 has been replicated 1 time(s) to handle iob=true attribute.

Final Macro Processing ...

=========================================================================
Final Register Report

Macro Statistics
# Registers                                            : 221
 Flip-Flops                                            : 221

=========================================================================

=========================================================================
*                           Partition Report                            *
=========================================================================

Partition Implementation Status
-------------------------------

  No Partitions were found in this design.

-------------------------------

=========================================================================
*                            Design Summary                             *
=========================================================================

Top Level Output File Name         : topmodule.ngc

Primitive and Black Box Usage:
------------------------------
# BELS                             : 574
#      GND                         : 1
#      INV                         : 6
#      LUT1                        : 17
#      LUT2                        : 64
#      LUT3                        : 69
#      LUT4                        : 27
#      LUT5                        : 33
#      LUT6                        : 116
#      MUXCY                       : 117
#      MUXF7                       : 1
#      VCC                         : 1
#      XORCY                       : 122
# FlipFlops/Latches                : 221
#      FD                          : 44
#      FDC                         : 9
#      FDCE                        : 159
#      FDRE                        : 9
# Clock Buffers                    : 1
#      BUFGP                       : 1
# IO Buffers                       : 40
#      IBUF                        : 10
#      OBUF                        : 30

Device utilization summary:
---------------------------

Selected Device : 6slx16csg324-3 


Slice Logic Utilization: 
 Number of Slice Registers:             212  out of  18224     1%  
 Number of Slice LUTs:                  332  out of   9112     3%  
    Number used as Logic:               332  out of   9112     3%  

Slice Logic Distribution: 
 Number of LUT Flip Flop pairs used:    339
   Number with an unused Flip Flop:     127  out of    339    37%  
   Number with an unused LUT:             7  out of    339     2%  
   Number of fully used LUT-FF pairs:   205  out of    339    60%  
   Number of unique control sets:        14

IO Utilization: 
 Number of IOs:                          41
 Number of bonded IOBs:                  41  out of    232    17%  
    IOB Flip Flops/Latches:               9

Specific Feature Utilization:
 Number of BUFG/BUFGCTRLs:                1  out of     16     6%  

---------------------------
Partition Resource Summary:
---------------------------

  No Partitions were found in this design.

---------------------------


=========================================================================
Timing Report

NOTE: THESE TIMING NUMBERS ARE ONLY A SYNTHESIS ESTIMATE.
      FOR ACCURATE TIMING INFORMATION PLEASE REFER TO THE TRACE REPORT
      GENERATED AFTER PLACE-and-ROUTE.

Clock Information:
------------------
-----------------------------------+------------------------+-------+
Clock Signal                       | Clock buffer(FF name)  | Load  |
-----------------------------------+------------------------+-------+
clkdiv1/clk_300hz                  | NONE(opcodein_0)       | 16    |
executedebouncer/clean             | NONE(alu1/f_5)         | 18    |
clk                                | BUFGP                  | 187   |
-----------------------------------+------------------------+-------+
INFO:Xst:2169 - HDL ADVISOR - Some clock signals were not automatically buffered by XST with BUFG/BUFR resources. Please use the buffer_type constraint in order to insert these buffers to the clock signals to help prevent skew problems.

Asynchronous Control Signals Information:
----------------------------------------
No asynchronous control signals found in this design

Timing Summary:
---------------
Speed Grade: -3

   Minimum period: 4.226ns (Maximum Frequency: 236.607MHz)
   Minimum input arrival time before clock: 6.044ns
   Maximum output required time after clock: 7.920ns
   Maximum combinational path delay: No path found

Timing Details:
---------------
All values displayed in nanoseconds (ns)

=========================================================================
Timing constraint: Default period analysis for Clock 'clk'
  Clock period: 4.226ns (frequency: 236.607MHz)
  Total number of paths / destination ports: 5422 / 358
-------------------------------------------------------------------------
Delay:               4.226ns (Levels of Logic = 2)
  Source:            readdebouncer/countpushed_8 (FF)
  Destination:       readdebouncer/countpushed_25 (FF)
  Source Clock:      clk rising
  Destination Clock: clk rising

  Data Path: readdebouncer/countpushed_8 to readdebouncer/countpushed_25
                                Gate     Net
    Cell:in->out      fanout   Delay   Delay  Logical Name (Net Name)
    ----------------------------------------  ------------
     FDCE:C->Q             2   0.447   0.981  readdebouncer/countpushed_8 (readdebouncer/countpushed_8)
     LUT6:I0->O            2   0.203   0.864  readdebouncer/GND_2_o_GND_2_o_equal_4_o<25>4 (readdebouncer/GND_2_o_GND_2_o_equal_4_o<25>3)
     LUT6:I2->O           26   0.203   1.206  readdebouncer/_n0063_inv1 (readdebouncer/_n0063_inv)
     FDCE:CE                   0.322          readdebouncer/countpushed_0
    ----------------------------------------
    Total                      4.226ns (1.175ns logic, 3.051ns route)
                                       (27.8% logic, 72.2% route)

=========================================================================
Timing constraint: Default period analysis for Clock 'clkdiv1/clk_300hz'
  Clock period: 1.630ns (frequency: 613.629MHz)
  Total number of paths / destination ports: 4 / 2
-------------------------------------------------------------------------
Delay:               1.630ns (Levels of Logic = 1)
  Source:            LED/counter_0 (FF)
  Destination:       LED/counter_1 (FF)
  Source Clock:      clkdiv1/clk_300hz rising
  Destination Clock: clkdiv1/clk_300hz rising

  Data Path: LED/counter_0 to LED/counter_1
                                Gate     Net
    Cell:in->out      fanout   Delay   Delay  Logical Name (Net Name)
    ----------------------------------------  ------------
     FDC:C->Q              7   0.447   0.878  LED/counter_0 (LED/counter_0)
     LUT2:I0->O            2   0.203   0.000  LED/tempctl<0>1 (displayctl_0_OBUF)
     FDC:D                     0.102          LED/counter_0
    ----------------------------------------
    Total                      1.630ns (0.752ns logic, 0.878ns route)
                                       (46.1% logic, 53.9% route)

=========================================================================
Timing constraint: Default OFFSET IN BEFORE for Clock 'clkdiv1/clk_300hz'
  Total number of paths / destination ports: 21 / 21
-------------------------------------------------------------------------
Offset:              5.015ns (Levels of Logic = 2)
  Source:            reset_n (PAD)
  Destination:       opcodein_0 (FF)
  Destination Clock: clkdiv1/clk_300hz rising

  Data Path: reset_n to opcodein_0
                                Gate     Net
    Cell:in->out      fanout   Delay   Delay  Logical Name (Net Name)
    ----------------------------------------  ------------
     IBUF:I->O            22   1.222   1.133  reset_n_IBUF (reset_n_IBUF)
     INV:I->O            168   0.206   2.024  clkdiv1/reset_n_inv1_INV_0 (LED/reset_n_inv)
     FDC:CLR                   0.430          LED/sign_0
    ----------------------------------------
    Total                      5.015ns (1.858ns logic, 3.157ns route)
                                       (37.0% logic, 63.0% route)

=========================================================================
Timing constraint: Default OFFSET IN BEFORE for Clock 'executedebouncer/clean'
  Total number of paths / destination ports: 154 / 12
-------------------------------------------------------------------------
Offset:              5.744ns (Levels of Logic = 5)
  Source:            A<1> (PAD)
  Destination:       alu1/f_2 (FF)
  Destination Clock: executedebouncer/clean rising

  Data Path: A<1> to alu1/f_2
                                Gate     Net
    Cell:in->out      fanout   Delay   Delay  Logical Name (Net Name)
    ----------------------------------------  ------------
     IBUF:I->O            21   1.222   1.218  A_1_IBUF (A_1_IBUF)
     LUT2:I0->O            2   0.203   0.864  alu1/Madd_n0036[3:0]_lut<1>1 (alu1/Madd_n0036[3:0]_lut<1>)
     LUT6:I2->O            1   0.203   0.944  alu1/Mmux_opcodein[2]_GND_5_o_wide_mux_9_OUT33 (alu1/Mmux_opcodein[2]_GND_5_o_wide_mux_9_OUT32)
     LUT6:I0->O            1   0.203   0.580  alu1/Mmux_opcodein[2]_GND_5_o_wide_mux_9_OUT36_SW0 (N20)
     LUT6:I5->O            2   0.205   0.000  alu1/Mmux_opcodein[2]_GND_5_o_wide_mux_9_OUT36 (alu1/opcodein[2]_GND_5_o_wide_mux_9_OUT<2>)
     FD:D                      0.102          alu1/f_2
    ----------------------------------------
    Total                      5.744ns (2.138ns logic, 3.606ns route)
                                       (37.2% logic, 62.8% route)

=========================================================================
Timing constraint: Default OFFSET IN BEFORE for Clock 'clk'
  Total number of paths / destination ports: 1870 / 410
-------------------------------------------------------------------------
Offset:              6.044ns (Levels of Logic = 3)
  Source:            readin (PAD)
  Destination:       readdebouncer/countpushed_25 (FF)
  Destination Clock: clk rising

  Data Path: readin to readdebouncer/countpushed_25
                                Gate     Net
    Cell:in->out      fanout   Delay   Delay  Logical Name (Net Name)
    ----------------------------------------  ------------
     IBUF:I->O            61   1.222   1.965  readin_IBUF (readin_IBUF)
     LUT5:I0->O            1   0.203   0.924  readdebouncer/GND_2_o_GND_2_o_equal_4_o<25>5_SW3 (N18)
     LUT6:I1->O           26   0.203   1.206  readdebouncer/_n0063_inv1 (readdebouncer/_n0063_inv)
     FDCE:CE                   0.322          readdebouncer/countpushed_0
    ----------------------------------------
    Total                      6.044ns (1.950ns logic, 4.094ns route)
                                       (32.3% logic, 67.7% route)

=========================================================================
Timing constraint: Default OFFSET OUT AFTER for Clock 'clkdiv1/clk_300hz'
  Total number of paths / destination ports: 125 / 10
-------------------------------------------------------------------------
Offset:              6.975ns (Levels of Logic = 4)
  Source:            LED/counter_1 (FF)
  Destination:       display<3> (PAD)
  Source Clock:      clkdiv1/clk_300hz rising

  Data Path: LED/counter_1 to display<3>
                                Gate     Net
    Cell:in->out      fanout   Delay   Delay  Logical Name (Net Name)
    ----------------------------------------  ------------
     FDC:C->Q              8   0.447   1.167  LED/counter_1 (LED/counter_1)
     LUT6:I0->O            1   0.203   0.580  LED/Mmux_currentdigit<0>11 (LED/Mmux_currentdigit<0>1)
     LUT6:I5->O            7   0.205   1.021  LED/Mmux_currentdigit<0>12 (LED/currentdigit<0>)
     LUT4:I0->O            1   0.203   0.579  LED/tempsegments<5>1 (display_3_OBUF)
     OBUF:I->O                 2.571          display_3_OBUF (display<3>)
    ----------------------------------------
    Total                      6.975ns (3.629ns logic, 3.346ns route)
                                       (52.0% logic, 48.0% route)

=========================================================================
Timing constraint: Default OFFSET OUT AFTER for Clock 'clk'
  Total number of paths / destination ports: 135 / 16
-------------------------------------------------------------------------
Offset:              7.920ns (Levels of Logic = 5)
  Source:            lifo/opcodeselout_1 (FF)
  Destination:       display<3> (PAD)
  Source Clock:      clk rising

  Data Path: lifo/opcodeselout_1 to display<3>
                                Gate     Net
    Cell:in->out      fanout   Delay   Delay  Logical Name (Net Name)
    ----------------------------------------  ------------
     FDRE:C->Q             3   0.447   0.879  lifo/opcodeselout_1 (lifo/opcodeselout_1)
     LUT3:I0->O            4   0.205   1.028  LED/opcodesel[2]_PWR_9_o_equal_10_o<2>1 (LED/opcodesel[2]_PWR_9_o_equal_10_o)
     LUT6:I1->O            1   0.203   0.580  LED/Mmux_currentdigit<0>11 (LED/Mmux_currentdigit<0>1)
     LUT6:I5->O            7   0.205   1.021  LED/Mmux_currentdigit<0>12 (LED/currentdigit<0>)
     LUT4:I0->O            1   0.203   0.579  LED/tempsegments<5>1 (display_3_OBUF)
     OBUF:I->O                 2.571          display_3_OBUF (display<3>)
    ----------------------------------------
    Total                      7.920ns (3.834ns logic, 4.086ns route)
                                       (48.4% logic, 51.6% route)

=========================================================================
Timing constraint: Default OFFSET OUT AFTER for Clock 'executedebouncer/clean'
  Total number of paths / destination ports: 9 / 9
-------------------------------------------------------------------------
Offset:              3.597ns (Levels of Logic = 1)
  Source:            alu1/opcodesel_2_1 (FF)
  Destination:       opcodetbALULIFO<2> (PAD)
  Source Clock:      executedebouncer/clean rising

  Data Path: alu1/opcodesel_2_1 to opcodetbALULIFO<2>
                                Gate     Net
    Cell:in->out      fanout   Delay   Delay  Logical Name (Net Name)
    ----------------------------------------  ------------
     FD:C->Q               1   0.447   0.579  alu1/opcodesel_2_1 (alu1/opcodesel_2_1)
     OBUF:I->O                 2.571          opcodetbALULIFO_2_OBUF (opcodetbALULIFO<2>)
    ----------------------------------------
    Total                      3.597ns (3.018ns logic, 0.579ns route)
                                       (83.9% logic, 16.1% route)

=========================================================================

Cross Clock Domains Report:
--------------------------

Clock to Setup on destination clock clk
----------------------+---------+---------+---------+---------+
                      | Src:Rise| Src:Fall| Src:Rise| Src:Fall|
Source Clock          |Dest:Rise|Dest:Rise|Dest:Fall|Dest:Fall|
----------------------+---------+---------+---------+---------+
clk                   |    4.226|         |         |         |
executedebouncer/clean|    1.831|         |         |         |
----------------------+---------+---------+---------+---------+

Clock to Setup on destination clock clkdiv1/clk_300hz
-----------------+---------+---------+---------+---------+
                 | Src:Rise| Src:Fall| Src:Rise| Src:Fall|
Source Clock     |Dest:Rise|Dest:Rise|Dest:Fall|Dest:Fall|
-----------------+---------+---------+---------+---------+
clk              |    6.008|         |         |         |
clkdiv1/clk_300hz|    1.630|         |         |         |
-----------------+---------+---------+---------+---------+

Clock to Setup on destination clock executedebouncer/clean
-----------------+---------+---------+---------+---------+
                 | Src:Rise| Src:Fall| Src:Rise| Src:Fall|
Source Clock     |Dest:Rise|Dest:Rise|Dest:Fall|Dest:Fall|
-----------------+---------+---------+---------+---------+
clkdiv1/clk_300hz|    5.194|         |         |         |
-----------------+---------+---------+---------+---------+

=========================================================================


Total REAL time to Xst completion: 24.00 secs
Total CPU time to Xst completion: 16.03 secs
 
--> 


Total memory usage is 128928 kilobytes

Number of errors   :    0 (   0 filtered)
Number of warnings :   27 (   0 filtered)
Number of infos    :    6 (   0 filtered)

